     1                                  bits 32 ; 
     2                                  
     3                                  ;Se dau cuvintele A si B. Se cere dublucuvantul C:
     4                                  ;bitii 0-2 ai lui C au valoarea 0
     5                                  ;bitii 3-5 ai lui C au valoarea 1
     6                                  ;bitii 6-9 ai lui C coincid cu bitii 11-14 ai lui A
     7                                  ;bitii 10-15 ai lui C coincid cu bitii 1-6 ai lui B
     8                                  ;bitii 16-31 ai lui C au valoarea 1
     9                                  
    10                                  global start        
    11                                  extern exit              
    12                                  import exit msvcrt.dll    
    13                                  segment data use32 class=data
    14 00000000 7856                        a dw 5678h
    15 00000002 3412                        b dw 1234h
    16 00000004 00000000                    c dd 0
    17                                  segment code use32 class=code
    18                                      start:
    19 00000000 B800000000                      mov eax,0;
    20 00000005 25F8FFFF7F                      and eax,1111111111111111111111111111000b;izolam bitii 0-2
    21                                  
    22 0000000A 83C838                          or eax,0000000000000000000000000111000b;bitii 3-5 a lui c vor fi 1
    23 0000000D 89C3                            mov ebx,eax;ebx vom avea pe bitii 3-5 valoarea 1 si bitii 0-2 valoarea 0
    24                                          
    25 0000000F B800000000                      mov eax,0
    26 00000014 66A1[00000000]                  mov ax,[a]
    27 0000001A 66250078                        and ax,0111100000000000b;punem in eax bitii 11-14 ai lui A
    28 0000001E 66C1C805                        ror ax,5;rotim 5 pozitii spre dreapta
    29 00000022 09C3                            or ebx,eax; in ebx pe bitii 6-9 coincid cu bitii 11-14 ai lui A
    30                                          
    31 00000024 B800000000                      mov eax,0
    32 00000029 66A1[02000000]                  mov ax,[b]
    33 0000002F 6683E07E                        and ax,0000000001111110b;izolam bitii 1-6 din B 
    34 00000033 66C1C009                        rol ax,9;rotim 9 pozitii spre stanga
    35 00000037 09C3                            or ebx,eax; in ebx pe bitii 10-15 coincid cu bitii 1-6 ai lui B
    36                                          
    37 00000039 81CB0000FFFF                    or ebx,11111111111111110000000000000000b;biti 31-16 a lui ebx vor avea valoarea 1
    38                                          
    39 0000003F 891D[04000000]                  mov [c],ebx;punem valoarea din registru in variabila rezultat
    40                                      
    41                                          ; exit(0)
    42 00000045 6A00                            push    dword 0      
    43 00000047 FF15[00000000]                  call    [exit]       
